[DETAIL_DIM]
CX=80 mm
CY=100 mm
TOP=6 mm
BOTTOM=5 mm
LEFT=5 mm
RIGHT=5 mm
[DETAIL_DIM]

[DETAIL-1]
FORMULA=ResFName
X=1 mm
Y=0
FONT=Default
[DETAIL-1]

[DETAIL-2]
FORMULA="CNC - BOVEN:"
X=1 mm
Y=50mm
FONT=Default
[DETAIL-2]

[DETAIL-3]
FORMULA="CNC - ONDER:"
X=42 mm
Y=50mm
FONT=Default
ALIGN=2
[DETAIL-3]

[DETAIL-4]
FORMULA=DRAWBC("QR";PartRemark)
X=1 mm
Y=55mm
WIDTH=23mm
HEIGHT=23mm
FONT=Default
[DETAIL-4]

[DETAIL-5]
FORMULA=DRAWBC("QR";PartRemark2)
X=48mm
Y=55mm
WIDTH=23mm
HEIGHT=23mm
FONT=Default
ALIGN=2
[DETAIL-5]

[DETAIL-6]
FORMULA=PartRemark3
X=1 mm
Y=30 mm
WIDTH=0
FONT=Default
[DETAIL-6]

[DETAIL-7]
FORMULA=PartCalc
X=1 mm
Y=35 mm
FONT=Default
[DETAIL-7]

[DETAIL-8]
FORMULA=ResStartTime
X=1 mm
Y=85 mm
FONT=Default
ALIGN=2
[DETAIL-8]

[DETAIL-9]
FORMULA=(PartL + PartEdge3Corr + PartEdge4Corr) STR DecL + " x " + (PartW + PartEdge1Corr + PartEdge2Corr) STR DecW
X=1 mm
Y=5 mm
FONT=Large
CONDITION=LayPartNo > 0
[DETAIL-9]

[DETAIL-10]
FORMULA="(" + PartLMin STR DecL + " x " + PartWMin STR DecW + ")"
X=1 mm
Y=5 mm
FONT=Large
ALIGN=2
CONDITION=LayPartNo > 0 and ((PartL + PartEdge3Corr + PartEdge4Corr) <> PartLMin or (PartW + PartEdge1Corr + PartEdge2Corr) <> PartWMin)
[DETAIL-10]

[DETAIL-11]
FORMULA=LayPartL STR DecL + " x " + LayPartW STR DecW
X=1 mm
Y=5 mm
FONT=Large
ALIGN=1
CONDITION=LayPartNo < 0
[DETAIL-11]

[DETAIL-12]
FORMULA=((str LayPartNo + ": " + PartRef) if LayPartNo > 0) + ("REST" if LayPartNo < 0)
X=1 mm
Y=11 mm
FONT=Large
[DETAIL-12]

[DETAIL-13]
FORMULA=FIGURE
X=40 mm
Y=17 mm
WIDTH=30 mm
HEIGHT=23 mm
CONDITION=ISEMPTY partdrawing
[DETAIL-13]

[DETAIL-14]
FORMULA=Image partdrawing
X=40 mm
Y=17 mm
WIDTH=30 mm
HEIGHT=23 mm
CONDITION=ISNOTEMPTY partdrawing
[DETAIL-14]

[DETAIL-15]
FORMULA=IF(ISEMPTY PartEdge1Descr; PartEdge1ID ;PartEdge1Descr)
Y=-0.5cm
ALIGN=1
[DETAIL-15]

[DETAIL-16]
FORMULA=IF(ISEMPTY PartEdge2Descr; PartEdge2ID ;PartEdge2Descr)
Y=40 mm
HEIGHT=0.5cm
ALIGN=1
[DETAIL-16]

[DETAIL-17]
FORMULA=IF(ISEMPTY PartEdge3Descr; PartEdge3ID ;PartEdge3Descr)
X=-0.5cm
WIDTH=0.5cm
HEIGHT=40mm
ALIGN=3
[DETAIL-17]

[DETAIL-18]
FORMULA=IF(ISEMPTY PartEdge4Descr; PartEdge4ID ;PartEdge4Descr)
X=70 mm
WIDTH=0.5cm
HEIGHT=40mm
ALIGN=3
[DETAIL-18]

[DETAIL-19]
FORMULA=line
Y=-.1 mm
WIDTH=70.1 mm
HEIGHT=.1mm
CONDITION=PartEdge1
[DETAIL-19]

[DETAIL-20]
FORMULA=line
Y=40.1 mm
WIDTH=70.1 mm
HEIGHT=.1mm
CONDITION=PartEdge2
[DETAIL-20]

[DETAIL-21]
FORMULA=line
X=-0.1mm
WIDTH=.1 mm
HEIGHT=40.1 mm
CONDITION=PartEdge3
[DETAIL-21]

[DETAIL-22]
FORMULA=line
X=70.1 mm
WIDTH=.1 mm
HEIGHT=40.1 mm
CONDITION=PartEdge4
[DETAIL-22]

[DETAIL-23]
FORMULA=line
Y=-.1 mm
WIDTH=70.1 mm
HEIGHT=.1mm
CONDITION=PartEdge1
[DETAIL-23]

[DETAIL-24]
FORMULA=line
Y=40.1 mm
WIDTH=70.1 mm
HEIGHT=.1mm
CONDITION=PartEdge2
[DETAIL-24]

[DETAIL-25]
FORMULA=line
X=-0.1mm
WIDTH=.1 mm
HEIGHT=40.1 mm
CONDITION=PartEdge3
[DETAIL-25]

[DETAIL-26]
FORMULA=line
X=70.1 mm
WIDTH=.1 mm
HEIGHT=40.1 mm
CONDITION=PartEdge4
[DETAIL-26]

[DETAIL-27]
FORMULA=line
X=-0.1mm
Y=-5mm
WIDTH=.1 mm
HEIGHT=5 mm
CONDITION=PartEdge3 And PartEdgeSeq == 1
[DETAIL-27]

[DETAIL-28]
FORMULA=line
X=-0.1mm
Y=40.1 mm
WIDTH=.1 mm
HEIGHT=5 mm
CONDITION=PartEdge3 And PartEdgeSeq == 1
[DETAIL-28]

[DETAIL-29]
FORMULA=line
X=70.1 mm
Y=-5mm
WIDTH=.1 mm
HEIGHT=5 mm
CONDITION=PartEdge4 And PartEdgeSeq == 1
[DETAIL-29]

[DETAIL-30]
FORMULA=line
X=70.1 mm
Y=40.1 mm
WIDTH=.1 mm
HEIGHT=5 mm
CONDITION=PartEdge4 And PartEdgeSeq == 1
[DETAIL-30]

[DETAIL-31]
FORMULA=line
X=-5mm
Y=-0.1mm
WIDTH=5 mm
HEIGHT=.1 mm
CONDITION=PartEdge1 And PartEdgeSeq == 2
[DETAIL-31]

[DETAIL-32]
FORMULA=line
X=70.1mm
Y=-0.1mm
WIDTH=5 mm
HEIGHT=.1 mm
CONDITION=PartEdge1 And PartEdgeSeq == 2
[DETAIL-32]

[DETAIL-33]
FORMULA=line
X=-5mm
Y=40.1 mm
WIDTH=5 mm
HEIGHT=.1 mm
CONDITION=PartEdge2 And PartEdgeSeq == 2
[DETAIL-33]

[DETAIL-34]
FORMULA=line
X=70.1mm
Y=40.1 mm
WIDTH=5 mm
HEIGHT=.1 mm
CONDITION=PartEdge2 And PartEdgeSeq == 2
[DETAIL-34]

[DETAIL$FORM-1]
[DETAIL$FORM-1]

[DETAIL$FORM-2]
[DETAIL$FORM-2]

[DETAIL$FORM-3]
[DETAIL$FORM-3]

[DETAIL$FORM-4]
[DETAIL$FORM-4]

[DETAIL$FORM-5]
[DETAIL$FORM-5]

[DETAIL$FORM-6]
[DETAIL$FORM-6]

[DETAIL$FORM-7]
[DETAIL$FORM-7]

[DETAIL$FORM-8]
[DETAIL$FORM-8]

[DETAIL$FORM-9]
[DETAIL$FORM-9]

[DETAIL$FORM-10]
[DETAIL$FORM-10]

[DETAIL$FORM-11]
[DETAIL$FORM-11]

[DETAIL$FORM-12]
[DETAIL$FORM-12]

[DETAIL$FORM-13]
[DETAIL$FORM-13]

[DETAIL$FORM-14]
[DETAIL$FORM-14]

[DETAIL$FORM-15]
[DETAIL$FORM-15]

[DETAIL$FORM-16]
[DETAIL$FORM-16]

[DETAIL$FORM-17]
[DETAIL$FORM-17]

[DETAIL$FORM-18]
[DETAIL$FORM-18]

[DETAIL$FORM-19]
[DETAIL$FORM-19]

[DETAIL$FORM-20]
[DETAIL$FORM-20]

[DETAIL$FORM-21]
[DETAIL$FORM-21]

[DETAIL$FORM-22]
[DETAIL$FORM-22]

[DETAIL$FORM-23]
[DETAIL$FORM-23]

[DETAIL$FORM-24]
[DETAIL$FORM-24]

[DETAIL$FORM-25]
[DETAIL$FORM-25]

[DETAIL$FORM-26]
[DETAIL$FORM-26]

[DETAIL$FORM-27]
[DETAIL$FORM-27]

[DETAIL$FORM-28]
[DETAIL$FORM-28]

[DETAIL$FORM-29]
[DETAIL$FORM-29]

[DETAIL$FORM-30]
[DETAIL$FORM-30]

[DETAIL$FORM-31]
[DETAIL$FORM-31]

[DETAIL$FORM-32]
[DETAIL$FORM-32]

[DETAIL$FORM-33]
[DETAIL$FORM-33]

[DETAIL$FORM-34]
[DETAIL$FORM-34]

[REPORTFONTS-1]
ID=Default
Prop=100;0;0;0;400;0;0;0;1;3;2;1;34;Arial;0
[REPORTFONTS-1]

[REPORTFONTS-2]
ID=Large
Prop=140;0;0;0;400;0;0;0;1;3;2;1;34;Arial;0
[REPORTFONTS-2]

[REPORTFONTS-3]
ID=Medium
Prop=120;0;0;0;400;0;0;0;1;3;2;1;34;Arial;0
[REPORTFONTS-3]

[REPORTFONTS-4]
ID=BC39
Prop=280;0;0;0;400;0;0;0;0;3;2;1;34;BC C39 3 to 1 Narrow;0
[REPORTFONTS-4]

[REPORTFONTS-5]
ID=BC39L
Prop=360;0;0;0;400;0;0;0;0;3;2;1;34;BC C39 3 to 1 Narrow;0
[REPORTFONTS-5]

[REPORTFONTS-6]
ID=BC128
Prop=280;0;0;0;400;0;0;0;0;3;2;1;34;BC C128 Narrow;0
[REPORTFONTS-6]

[REPORTFONTS-7]
ID=BC128L
Prop=360;0;0;0;400;0;0;0;0;3;2;1;34;BC C128 Narrow;0
[REPORTFONTS-7]

[REPORTFONTS-8]
ID=BC_Lbl
Prop=180;0;0;0;400;0;0;0;0;3;2;1;34;BC C128 Medium;0
[REPORTFONTS-8]

[REPORTFONTS-9]
ID=BCI25
Prop=280;0;0;0;400;0;0;0;0;3;2;1;34;BC I25 Narrow;0
[REPORTFONTS-9]

[REPORTFONTS-10]
ID=Font10
Prop=140;0;0;0;400;0;0;0;0;3;2;1;34;BC C128 Wide;0
[REPORTFONTS-10]

[FOOTER_DIM]
[FOOTER_DIM]

[GROUP_DIM]
[GROUP_DIM]

[GROUP2_DIM]
[GROUP2_DIM]

[TITLE_DIM]
[TITLE_DIM]

[REPORT]
TYPE=4
TITEL=Parts labels from external application
ETIKET=1
GROUP=LayNo
NEWPAGE=1
NEWPAGE2=1
MULT=IF(LayPartCurr>0;LayPartCurr;LayPartQty)
PRINTER=LABEL PRINTER [80x50]
PAGE_SIZE=8
NX=1
NY=1
[REPORT]

[REPORT$FORM]
[REPORT$FORM]

[GROUPFOOTER2_DIM]
[GROUPFOOTER2_DIM]

[GROUPFOOTER_DIM]
[GROUPFOOTER_DIM]
